
> taxi-server@1.0.0 test
> jest

npm : (node:25684) [DEP0040] DeprecationWarning: The `punycode` module is deprecated. Please use a userland 
alternative instead.
At line:1 char:1
+ npm run test > test_output.txt 2>&1
+ ~~~~~~~~~~~~~~~~~~~~~~~~~~~~~~~~~~~
    + CategoryInfo          : NotSpecified: ((node:25684) [D...native instead.:String) [], RemoteException
    + FullyQualifiedErrorId : NativeCommandError
 
(Use `node --trace-deprecation ...` to show where the warning was created)
  console.log
    Γ£à Test database connected

      at log (tests/test-helper.js:34:15)

(node:14868) [DEP0040] DeprecationWarning: The `punycode` module is deprecated. Please use a userland alternative 
instead.
(Use `node --trace-deprecation ...` to show where the warning was created)
(node:25468) [DEP0040] DeprecationWarning: The `punycode` module is deprecated. Please use a userland alternative 
instead.
(Use `node --trace-deprecation ...` to show where the warning was created)
(node:27416) [DEP0040] DeprecationWarning: The `punycode` module is deprecated. Please use a userland alternative 
instead.
(Use `node --trace-deprecation ...` to show where the warning was created)
(node:3252) [DEP0040] DeprecationWarning: The `punycode` module is deprecated. Please use a userland alternative 
instead.
(Use `node --trace-deprecation ...` to show where the warning was created)
(node:24096) [DEP0040] DeprecationWarning: The `punycode` module is deprecated. Please use a userland alternative 
instead.
(Use `node --trace-deprecation ...` to show where the warning was created)
(node:15108) [DEP0040] DeprecationWarning: The `punycode` module is deprecated. Please use a userland alternative 
instead.
(Use `node --trace-deprecation ...` to show where the warning was created)
  console.log
    Γ£à Test database connected

      at log (tests/test-helper.js:34:15)

  console.log
    Γ£à Test database connected

      at log (tests/test-helper.js:34:15)

  console.log
    Γ£à Test database connected

      at log (tests/test-helper.js:34:15)

  console.log
    Γ£à Test database connected

      at log (tests/test-helper.js:34:15)

  console.log
    Γ£à Test database connected

      at log (tests/test-helper.js:34:15)

  console.log
    Γ£à Test database connected

      at log (tests/test-helper.js:34:15)

  console.warn
    ΓÜá∩╕Å  Warning during test environment cleanup: kill EPERM

    [0m [90m 81 |[39m   } [36mcatch[39m (error) {
     [90m 82 |[39m     [90m// Log warning but don't throw - cleanup errors shouldn't fail tests[39m
    [31m[1m>[22m[39m[90m 83 |[39m     console[33m.[39mwarn([32m'ΓÜá∩╕Å  Warning during test environment cleanup:'[39m[33m,[39m error[33m.[39mmessage)[33m;[39m
     [90m    |[39m             [31m[1m^[22m[39m
     [90m 84 |[39m   }
     [90m 85 |[39m }
     [90m 86 |[39m[0m

      at warn (tests/test-helper.js:83:13)
      at Object.<anonymous> (tests/setup.js:26:3)

PASS tests/models/User.test.js (19.832 s)
  ΓêÜ Test environment is set up correctly (57 ms)
  User Model
    User Creation
      ΓêÜ should create a new user with valid data (367 ms)
      ΓêÜ should not create user with duplicate email (569 ms)
      ΓêÜ should not create user with duplicate phone (469 ms)
      ΓêÜ should require all mandatory fields (19 ms)
      ΓêÜ should validate email format (254 ms)
      ΓêÜ should validate password length (9 ms)
    Password Hashing
      ΓêÜ should hash password before saving (232 ms)
      ΓêÜ should not hash password if not modified (231 ms)
    Password Comparison
      ΓêÜ should compare password correctly (823 ms)
    Driver Profile
      ΓêÜ should create driver with vehicle information (304 ms)
    Location Data
      ΓêÜ should store location data correctly (272 ms)
    JSON Transformation
      ΓêÜ should exclude password from JSON output (330 ms)
    Virtual Fields
      ΓêÜ should return full name correctly (444 ms)

  console.warn
    ΓÜá∩╕Å  Warning during test environment cleanup: kill EPERM

    [0m [90m 81 |[39m   } [36mcatch[39m (error) {
     [90m 82 |[39m     [90m// Log warning but don't throw - cleanup errors shouldn't fail tests[39m
    [31m[1m>[22m[39m[90m 83 |[39m     console[33m.[39mwarn([32m'ΓÜá∩╕Å  Warning during test environment cleanup:'[39m[33m,[39m error[33m.[39mmessage)[33m;[39m
     [90m    |[39m             [31m[1m^[22m[39m
     [90m 84 |[39m   }
     [90m 85 |[39m }
     [90m 86 |[39m[0m

      at warn (tests/test-helper.js:83:13)
      at Object.<anonymous> (tests/setup.js:26:3)

PASS tests/integration/errorHandling.test.js (22.457 s)
  ΓêÜ Test environment is set up correctly (33 ms)
  Error Handling Integration Tests
    Error Response Format
      ΓêÜ should return consistent error format for validation errors (213 ms)
      ΓêÜ should return consistent error format for authentication errors (69 ms)
      ΓêÜ should return consistent error format for duplicate key errors (456 ms)
      ΓêÜ should return consistent error format for not found errors (42 ms)
    Error Codes
      ΓêÜ should return AUTH_EXPIRED code for expired tokens (29 ms)
      ΓêÜ should return AUTH_INVALID code for invalid tokens (20 ms)
      ΓêÜ should have RATE_LIMIT_EXCEEDED code defined in error handler (7 ms)
    HTTP Status Codes
      ΓêÜ should return 400 for validation errors (23 ms)
      ΓêÜ should return 400 for duplicate key errors (399 ms)
      ΓêÜ should return 401 for authentication failures (28 ms)
      ΓêÜ should return 401 for missing authentication token (18 ms)
      ΓêÜ should return 401 for invalid authentication token (17 ms)
      ΓêÜ should return 401 for expired authentication token (20 ms)
      ΓêÜ should return 403 for insufficient permissions (314 ms)
      ΓêÜ should return 404 for non-existent routes (35 ms)
      ΓêÜ should support 429 status code for rate limiting (6 ms)
    JWT Verification Errors
      ΓêÜ should handle JsonWebTokenError (18 ms)
      ΓêÜ should handle TokenExpiredError (23 ms)
      ΓêÜ should handle missing token (17 ms)
      ΓêÜ should handle token with invalid signature (22 ms)
    Mongoose Validation Errors
      ΓêÜ should handle missing required fields (24 ms)
      ΓêÜ should handle invalid email format (18 ms)
      ΓêÜ should handle invalid phone format (24 ms)
      ΓêÜ should handle password too short (19 ms)
    MongoDB Duplicate Key Errors
      ΓêÜ should handle duplicate email error (954 ms)
      ΓêÜ should handle duplicate phone error (630 ms)
    Error Logging
      ΓêÜ should log JWT verification errors (22 ms)
      ΓêÜ should have logger available for error tracking (6 ms)

  console.log
    100 concurrent requests: 100 succeeded in 4147ms

      at Object.log (tests/performance/load.test.js:65:15)

  console.log
    50 concurrent ride requests: 50 succeeded in 5095ms

      at Object.log (tests/performance/load.test.js:115:15)

  console.warn
    ΓÜá∩╕Å  Warning during test environment cleanup: kill EPERM

    [0m [90m 81 |[39m   } [36mcatch[39m (error) {
     [90m 82 |[39m     [90m// Log warning but don't throw - cleanup errors shouldn't fail tests[39m
    [31m[1m>[22m[39m[90m 83 |[39m     console[33m.[39mwarn([32m'ΓÜá∩╕Å  Warning during test environment cleanup:'[39m[33m,[39m error[33m.[39mmessage)[33m;[39m
     [90m    |[39m             [31m[1m^[22m[39m
     [90m 84 |[39m   }
     [90m 85 |[39m }
     [90m 86 |[39m[0m

      at warn (tests/test-helper.js:83:13)
      at Object.<anonymous> (tests/setup.js:26:3)

FAIL tests/integration/ride-flow.test.js (31.857 s)
  ΓêÜ Test environment is set up correctly (73 ms)
  Ride Flow Integration Tests
    Complete Ride Flow
      ├ù should complete a full ride from request to completion (1590 ms)
      ├ù should handle ride cancellation flow (1238 ms)
      ├ù should handle driver cancellation flow (1111 ms)
    Rating System Integration
      ΓêÜ should handle passenger rating driver (965 ms)
      ΓêÜ should handle driver rating passenger (993 ms)
      ΓêÜ should calculate average rating correctly (843 ms)
    Driver Status Management
      ΓêÜ should handle driver going online/offline (2190 ms)
      ΓêÜ should handle driver availability toggle (2283 ms)
    Location Updates
      ΓêÜ should handle user location updates (676 ms)

  ΓùÅ Ride Flow Integration Tests ΓÇ║ Complete Ride Flow ΓÇ║ should complete a full ride from request to completion

    expected 200 "OK", got 400 "Bad Request"

    [0m [90m 106 |[39m         [33m.[39mpost([32m`/api/rides/${rideId}/accept`[39m)
     [90m 107 |[39m         [33m.[39m[36mset[39m([32m'Authorization'[39m[33m,[39m [32m`Bearer 
${driverToken}`[39m)
    [31m[1m>[22m[39m[90m 108 |[39m         [33m.[39mexpect([35m200[39m)[33m;[39m
     [90m     |[39m          [31m[1m^[22m[39m
     [90m 109 |[39m
     [90m 110 |[39m       
expect(acceptResponse[33m.[39mbody[33m.[39mride[33m.[39mstatus)[33m.[39mtoBe([32m'accepted'[39m)[33m;[39m
     [90m 111 |[39m       expect(acceptResponse[33m.[39mbody[33m.[39mride[33m.[39mdriver[33m.[39mtoString())
[33m.[39mtoBe(driver[33m.[39m_id[33m.[39mtoString())[33m;[39m[0m

      at Object.expect (tests/integration/ride-flow.test.js:108:10)
      ----
      at Test._assertStatus (node_modules/supertest/lib/test.js:252:14)
      at node_modules/supertest/lib/test.js:308:13
      at Test._assertFunction (node_modules/supertest/lib/test.js:285:13)
      at Test.assert (node_modules/supertest/lib/test.js:164:23)
      at Server.localAssert (node_modules/supertest/lib/test.js:120:14)

  ΓùÅ Ride Flow Integration Tests ΓÇ║ Complete Ride Flow ΓÇ║ should handle ride cancellation flow

    expected 200 "OK", got 400 "Bad Request"

    [0m [90m 189 |[39m         [33m.[39mpost([32m`/api/rides/${rideId}/accept`[39m)
     [90m 190 |[39m         [33m.[39m[36mset[39m([32m'Authorization'[39m[33m,[39m [32m`Bearer 
${driverToken}`[39m)
    [31m[1m>[22m[39m[90m 191 |[39m         [33m.[39mexpect([35m200[39m)[33m;[39m
     [90m     |[39m          [31m[1m^[22m[39m
     [90m 192 |[39m
     [90m 193 |[39m       [90m// Step 3: Passenger cancels the ride[39m
     [90m 194 |[39m       [36mconst[39m cancelResponse [33m=[39m [36mawait[39m request(app)[0m

      at Object.expect (tests/integration/ride-flow.test.js:191:10)
      ----
      at Test._assertStatus (node_modules/supertest/lib/test.js:252:14)
      at node_modules/supertest/lib/test.js:308:13
      at Test._assertFunction (node_modules/supertest/lib/test.js:285:13)
      at Test.assert (node_modules/supertest/lib/test.js:164:23)
      at Server.localAssert (node_modules/supertest/lib/test.js:120:14)

  ΓùÅ Ride Flow Integration Tests ΓÇ║ Complete Ride Flow ΓÇ║ should handle driver cancellation flow

    expected 200 "OK", got 400 "Bad Request"

    [0m [90m 246 |[39m         [33m.[39mpost([32m`/api/rides/${rideId}/accept`[39m)
     [90m 247 |[39m         [33m.[39m[36mset[39m([32m'Authorization'[39m[33m,[39m [32m`Bearer 
${driverToken}`[39m)
    [31m[1m>[22m[39m[90m 248 |[39m         [33m.[39mexpect([35m200[39m)[33m;[39m
     [90m     |[39m          [31m[1m^[22m[39m
     [90m 249 |[39m
     [90m 250 |[39m       [90m// Step 3: Driver cancels the ride[39m
     [90m 251 |[39m       [36mconst[39m cancelResponse [33m=[39m [36mawait[39m request(app)[0m

      at Object.expect (tests/integration/ride-flow.test.js:248:10)
      ----
      at Test._assertStatus (node_modules/supertest/lib/test.js:252:14)
      at node_modules/supertest/lib/test.js:308:13
      at Test._assertFunction (node_modules/supertest/lib/test.js:285:13)
      at Test.assert (node_modules/supertest/lib/test.js:164:23)
      at Server.localAssert (node_modules/supertest/lib/test.js:120:14)

  console.warn
    ΓÜá∩╕Å  Warning during test environment cleanup: kill EPERM

    [0m [90m 81 |[39m   } [36mcatch[39m (error) {
     [90m 82 |[39m     [90m// Log warning but don't throw - cleanup errors shouldn't fail tests[39m
    [31m[1m>[22m[39m[90m 83 |[39m     console[33m.[39mwarn([32m'ΓÜá∩╕Å  Warning during test environment cleanup:'[39m[33m,[39m error[33m.[39mmessage)[33m;[39m
     [90m    |[39m             [31m[1m^[22m[39m
     [90m 84 |[39m   }
     [90m 85 |[39m }
     [90m 86 |[39m[0m

      at warn (tests/test-helper.js:83:13)
      at Object.<anonymous> (tests/setup.js:26:3)

FAIL tests/integration/complete-flow.test.js (32.373 s)
  ΓêÜ Test environment is set up correctly (70 ms)
  Complete Taxi App Flow Tests
    1. User Registration Flow
      ΓêÜ Should register a passenger successfully (941 ms)
      ΓêÜ Should register a driver successfully (356 ms)
      ΓêÜ Should reject duplicate email registration (284 ms)
    2. User Login Flow
      ΓêÜ Should login passenger successfully (948 ms)
      ΓêÜ Should login driver successfully (1131 ms)
      ΓêÜ Should reject invalid credentials (65 ms)
    3. Ride Request Flow
      ΓêÜ Should allow passenger to request a ride (714 ms)
      ΓêÜ Should reject ride request without authentication (26 ms)
    4. Driver Ride Management Flow
      ΓêÜ Should allow driver to view available rides (1025 ms)
      ├ù Should allow driver to accept a ride (927 ms)
      ├ù Should allow driver to update ride status to in-progress (958 ms)
      ├ù Should allow driver to complete the ride (1486 ms)
    5. Passenger Ride Tracking Flow
      ΓêÜ Should allow passenger to view their active rides (1689 ms)
      ΓêÜ Should allow passenger to view their ride history (1126 ms)
    6. Driver Status Management
      ΓêÜ Should allow driver to go online (508 ms)
      ΓêÜ Should allow driver to go offline (480 ms)
    7. Error Handling
      ΓêÜ Should handle invalid ride ID (396 ms)
      ΓêÜ Should handle unauthorized access (15 ms)
      ΓêÜ Should handle invalid token (17 ms)

  ΓùÅ Complete Taxi App Flow Tests ΓÇ║ 4. Driver Ride Management Flow ΓÇ║ Should allow driver to accept a ride

    expected 200 "OK", got 400 "Bad Request"

    [0m [90m 399 |[39m         [33m.[39mput([32m`/api/rides/${rideId}/accept`[39m)
     [90m 400 |[39m         [33m.[39m[36mset[39m([32m'Authorization'[39m[33m,[39m [32m`Bearer 
${driverToken}`[39m)
    [31m[1m>[22m[39m[90m 401 |[39m         [33m.[39mexpect([35m200[39m)[33m;[39m
     [90m     |[39m          [31m[1m^[22m[39m
     [90m 402 |[39m
     [90m 403 |[39m       expect(response[33m.[39mbody[33m.[39mmessage)[33m.[39mtoBe([32m'Ride accepted 
successfully'[39m)[33m;[39m
     [90m 404 |[39m       expect(response[33m.[39mbody[33m.[39mride)[33m.[39mtoBeDefined()[33m;[39m[0m

      at Object.expect (tests/integration/complete-flow.test.js:401:10)
      ----
      at Test._assertStatus (node_modules/supertest/lib/test.js:252:14)
      at node_modules/supertest/lib/test.js:308:13
      at Test._assertFunction (node_modules/supertest/lib/test.js:285:13)
      at Test.assert (node_modules/supertest/lib/test.js:164:23)
      at Server.localAssert (node_modules/supertest/lib/test.js:120:14)

  ΓùÅ Complete Taxi App Flow Tests ΓÇ║ 4. Driver Ride Management Flow ΓÇ║ Should allow driver to update ride status to 
in-progress

    expected 200 "OK", got 400 "Bad Request"

    [0m [90m 468 |[39m         [33m.[39mput([32m`/api/rides/${rideId}/accept`[39m)
     [90m 469 |[39m         [33m.[39m[36mset[39m([32m'Authorization'[39m[33m,[39m [32m`Bearer 
${driverToken}`[39m)
    [31m[1m>[22m[39m[90m 470 |[39m         [33m.[39mexpect([35m200[39m)[33m;[39m
     [90m     |[39m          [31m[1m^[22m[39m
     [90m 471 |[39m
     [90m 472 |[39m       [90m// Now update status to in-progress[39m
     [90m 473 |[39m       [36mconst[39m response [33m=[39m [36mawait[39m request(app)[0m

      at Object.expect (tests/integration/complete-flow.test.js:470:10)
      ----
      at Test._assertStatus (node_modules/supertest/lib/test.js:252:14)
      at node_modules/supertest/lib/test.js:308:13
      at Test._assertFunction (node_modules/supertest/lib/test.js:285:13)
      at Test.assert (node_modules/supertest/lib/test.js:164:23)
      at Server.localAssert (node_modules/supertest/lib/test.js:120:14)

  ΓùÅ Complete Taxi App Flow Tests ΓÇ║ 4. Driver Ride Management Flow ΓÇ║ Should allow driver to complete the ride

    expected 200 "OK", got 400 "Bad Request"

    [0m [90m 542 |[39m         [33m.[39mput([32m`/api/rides/${rideId}/accept`[39m)
     [90m 543 |[39m         [33m.[39m[36mset[39m([32m'Authorization'[39m[33m,[39m [32m`Bearer 
${driverToken}`[39m)
    [31m[1m>[22m[39m[90m 544 |[39m         [33m.[39mexpect([35m200[39m)[33m;[39m
     [90m     |[39m          [31m[1m^[22m[39m
     [90m 545 |[39m
     [90m 546 |[39m       [90m// Now complete the ride[39m
     [90m 547 |[39m       [36mconst[39m response [33m=[39m [36mawait[39m request(app)[0m

      at Object.expect (tests/integration/complete-flow.test.js:544:10)
      ----
      at Test._assertStatus (node_modules/supertest/lib/test.js:252:14)
      at node_modules/supertest/lib/test.js:308:13
      at Test._assertFunction (node_modules/supertest/lib/test.js:285:13)
      at Test.assert (node_modules/supertest/lib/test.js:164:23)
      at Server.localAssert (node_modules/supertest/lib/test.js:120:14)

  console.log
    Γ£à Test database connected

      at log (tests/test-helper.js:34:15)

  console.log
    Γ£à Test database connected

      at log (tests/test-helper.js:34:15)

  console.log
    Γ£à Test database already connected

      at log (tests/test-helper.js:17:15)

  console.warn
    ΓÜá∩╕Å  Warning during test environment cleanup: kill EPERM

    [0m [90m 81 |[39m   } [36mcatch[39m (error) {
     [90m 82 |[39m     [90m// Log warning but don't throw - cleanup errors shouldn't fail tests[39m
    [31m[1m>[22m[39m[90m 83 |[39m     console[33m.[39mwarn([32m'ΓÜá∩╕Å  Warning during test environment cleanup:'[39m[33m,[39m error[33m.[39mmessage)[33m;[39m
     [90m    |[39m             [31m[1m^[22m[39m
     [90m 84 |[39m   }
     [90m 85 |[39m }
     [90m 86 |[39m[0m

      at warn (tests/test-helper.js:83:13)
      at Object.<anonymous> (tests/setup.js:26:3)

PASS tests/performance/load.test.js (37.999 s)
  ΓêÜ Test environment is set up correctly (47 ms)
  Load Tests
    Concurrent Requests
      ΓêÜ should handle 100 concurrent user requests (5033 ms)
      ΓêÜ should handle 50 concurrent ride requests (6116 ms)
    Response Time Tests
      ΓêÜ should respond to auth requests in < 500ms (535 ms)
      ΓêÜ should respond to ride requests in < 1s (214 ms)
      ΓêÜ should respond to location updates in < 200ms (172 ms)
    Database Performance
      ΓêÜ should query users by email in < 50ms (516 ms)
      ΓêÜ should query nearby drivers in < 500ms (5331 ms)

  console.log
    Γ£à Test database connected

      at log (tests/test-helper.js:34:15)

  console.warn
    ΓÜá∩╕Å  Warning during test environment cleanup: kill EPERM

    [0m [90m 81 |[39m   } [36mcatch[39m (error) {
     [90m 82 |[39m     [90m// Log warning but don't throw - cleanup errors shouldn't fail tests[39m
    [31m[1m>[22m[39m[90m 83 |[39m     console[33m.[39mwarn([32m'ΓÜá∩╕Å  Warning during test environment cleanup:'[39m[33m,[39m error[33m.[39mmessage)[33m;[39m
     [90m    |[39m             [31m[1m^[22m[39m
     [90m 84 |[39m   }
     [90m 85 |[39m }
     [90m 86 |[39m[0m

      at warn (tests/test-helper.js:83:13)
      at Object.<anonymous> (tests/setup.js:26:3)

PASS tests/routes/drivers.test.js (43.065 s)
  ΓêÜ Test environment is set up correctly (142 ms)
  Driver Routes
    GET /api/drivers/status
      ΓêÜ should get driver status (1137 ms)
      ΓêÜ should reject request without auth token (638 ms)
      ΓêÜ should reject request from non-driver (729 ms)
    PUT /api/drivers/status
      ΓêÜ should update driver status to online (1174 ms)
      ΓêÜ should update driver status to offline (1060 ms)
      ΓêÜ should reject invalid status (970 ms)
      ΓêÜ should reject request without status (845 ms)
    PUT /api/drivers/location
      ΓêÜ should update driver location (861 ms)
      ΓêÜ should reject invalid coordinates (674 ms)
      ΓêÜ should reject missing coordinates (1073 ms)
      ΓêÜ should reject coordinates with wrong array length (1448 ms)
    GET /api/drivers/available
      ΓêÜ should get available drivers near a location (1664 ms)
      ΓêÜ should reject request without coordinates (691 ms)
      ΓêÜ should reject request with invalid coordinates (982 ms)
    GET /api/drivers/rides
      ΓêÜ should get driver ride history (1032 ms)
      ΓêÜ should filter rides by status (784 ms)
      ΓêÜ should support pagination (1351 ms)
    GET /api/drivers/earnings
      ΓêÜ should get driver earnings summary (1290 ms)
      ΓêÜ should filter earnings by date range (793 ms)
    PUT /api/drivers/profile
      ΓêÜ should update driver profile (1331 ms)
      ΓêÜ should update only license number (1243 ms)
      ΓêÜ should update only vehicle info (1528 ms)
      ΓêÜ should reject invalid year (922 ms)

  console.warn
    ΓÜá∩╕Å  Warning during test environment cleanup: kill EPERM

    [0m [90m 81 |[39m   } [36mcatch[39m (error) {
     [90m 82 |[39m     [90m// Log warning but don't throw - cleanup errors shouldn't fail tests[39m
    [31m[1m>[22m[39m[90m 83 |[39m     console[33m.[39mwarn([32m'ΓÜá∩╕Å  Warning during test environment cleanup:'[39m[33m,[39m error[33m.[39mmessage)[33m;[39m
     [90m    |[39m             [31m[1m^[22m[39m
     [90m 84 |[39m   }
     [90m 85 |[39m }
     [90m 86 |[39m[0m

      at warn (tests/test-helper.js:83:13)
      at Object.<anonymous> (tests/setup.js:26:3)

  console.log
    Γ£à Test database connected

      at log (tests/test-helper.js:34:15)

FAIL tests/routes/auth.test.js (43.688 s)
  ΓêÜ Test environment is set up correctly (43 ms)
  Auth Routes
    POST /api/auth/register
      ΓêÜ should register a new passenger (725 ms)
      ΓêÜ should register a new driver (331 ms)
      ΓêÜ should default to passenger role when not specified (427 ms)
      ΓêÜ should reject registration with invalid email (26 ms)
      ΓêÜ should reject registration with short password (22 ms)
      ΓêÜ should reject registration with duplicate email (934 ms)
      ΓêÜ should reject registration with duplicate phone (925 ms)
      ΓêÜ should reject registration with invalid phone format (24 ms)
    POST /api/auth/login
      ΓêÜ should login with valid credentials (677 ms)
      ΓêÜ should generate valid JWT token with correct structure (676 ms)
      ΓêÜ should reject login with invalid email (458 ms)
      ΓêÜ should reject login with invalid password (739 ms)
      ΓêÜ should reject login for deactivated user (637 ms)
      ΓêÜ should reject login with invalid email format (432 ms)
      ΓêÜ should reject login without password (294 ms)
    GET /api/auth/me
      ΓêÜ should return current user with valid token (290 ms)
      ΓêÜ should reject request without token (1204 ms)
      ΓêÜ should reject request with invalid token (1323 ms)
    POST /api/auth/request-verification
      ΓêÜ should generate and store 6-digit verification code (914 ms)
      ΓêÜ should reject request without authentication (674 ms)
    POST /api/auth/verify-phone
      ΓêÜ should verify phone with valid code (569 ms)
      ΓêÜ should reject invalid verification code (460 ms)
      ΓêÜ should reject expired verification code (406 ms)
      ΓêÜ should reject request without verification code (618 ms)
      ΓêÜ should update isVerified flag on successful verification (351 ms)
      ΓêÜ should reject request without authentication (403 ms)
    POST /api/auth/forgot-password
      ΓêÜ should send password reset for existing email (360 ms)
      ΓêÜ should handle non-existent email gracefully (361 ms)
      ΓêÜ should reject request with invalid email format (811 ms)
    POST /api/auth/reset-password
      ΓêÜ should reset password with valid token (1654 ms)
      ΓêÜ should reject reset with expired token (327 ms)
      ΓêÜ should reject reset with invalid token (433 ms)
      ΓêÜ should reject password shorter than 6 characters (589 ms)
      ΓêÜ should invalidate token after successful use (1496 ms)
      ΓêÜ should reject reset without token (447 ms)
      ΓêÜ should reject reset without new password (370 ms)
    Rate Limiting
      ├ù should enforce rate limit after 5 requests on login (117 ms)
      ├ù should include X-RateLimit-Limit header (27 ms)
      ├ù should include X-RateLimit-Remaining header that decrements (22 ms)
      ├ù should include X-RateLimit-Reset header (19 ms)
      ├ù should return RATE_LIMIT_EXCEEDED error code when limit exceeded (2653 ms)
      ├ù should apply rate limiting to forgot-password endpoint (96 ms)

  ΓùÅ Auth Routes ΓÇ║ Rate Limiting ΓÇ║ should enforce rate limit after 5 requests on login

    expected 429 "Too Many Requests", got 401 "Unauthorized"

    [0m [90m 737 |[39m         [33m.[39mpost([32m'/api/auth/login'[39m)
     [90m 738 |[39m         [33m.[39msend(loginData)
    [31m[1m>[22m[39m[90m 739 |[39m         [33m.[39mexpect([35m429[39m)[33m;[39m
     [90m     |[39m          [31m[1m^[22m[39m
     [90m 740 |[39m
     [90m 741 |[39m       expect(response[33m.[39mbody[33m.[39mmessage)[33m.[39mtoBe([32m'Too many requests, 
please try again later'[39m)[33m;[39m
     [90m 742 |[39m       
expect(response[33m.[39mbody[33m.[39mcode)[33m.[39mtoBe([32m'RATE_LIMIT_EXCEEDED'[39m)[33m;[39m[0m

      at Object.expect (tests/routes/auth.test.js:739:10)
      ----
      at Test._assertStatus (node_modules/supertest/lib/test.js:252:14)
      at node_modules/supertest/lib/test.js:308:13
      at Test._assertFunction (node_modules/supertest/lib/test.js:285:13)
      at Test.assert (node_modules/supertest/lib/test.js:164:23)
      at Server.localAssert (node_modules/supertest/lib/test.js:120:14)

  ΓùÅ Auth Routes ΓÇ║ Rate Limiting ΓÇ║ should include X-RateLimit-Limit header

    expect(received).toBe(expected) // Object.is equality

    Expected: "5"
    Received: undefined

    [0m [90m 753 |[39m         [33m.[39msend(loginData)[33m;[39m
     [90m 754 |[39m
    [31m[1m>[22m[39m[90m 755 |[39m       
expect(response[33m.[39mheaders[[32m'x-ratelimit-limit'[39m])[33m.[39mtoBe([32m'5'[39m)[33m;[39m
     [90m     |[39m                                                     [31m[1m^[22m[39m
     [90m 756 |[39m     })[33m;[39m
     [90m 757 |[39m
     [90m 758 |[39m     it([32m'should include X-RateLimit-Remaining header that decrements'[39m[33m,[39m 
[36masync[39m () [33m=>[39m {[0m

      at Object.toBe (tests/routes/auth.test.js:755:53)

  ΓùÅ Auth Routes ΓÇ║ Rate Limiting ΓÇ║ should include X-RateLimit-Remaining header that decrements

    expect(received).toBeDefined()

    Received: undefined

    [0m [90m 767 |[39m         [33m.[39msend(loginData)[33m;[39m
     [90m 768 |[39m
    [31m[1m>[22m[39m[90m 769 |[39m       
expect(response1[33m.[39mheaders[[32m'x-ratelimit-remaining'[39m])[33m.[39mtoBeDefined()[33m;[39m
     [90m     |[39m                                                          [31m[1m^[22m[39m
     [90m 770 |[39m       [36mconst[39m remaining1 [33m=[39m 
parseInt(response1[33m.[39mheaders[[32m'x-ratelimit-remaining'[39m])[33m;[39m
     [90m 771 |[39m
     [90m 772 |[39m       [90m// Second request[39m[0m

      at Object.toBeDefined (tests/routes/auth.test.js:769:58)

  ΓùÅ Auth Routes ΓÇ║ Rate Limiting ΓÇ║ should include X-RateLimit-Reset header

    expect(received).toBeDefined()

    Received: undefined

    [0m [90m 795 |[39m         [33m.[39msend(loginData)[33m;[39m
     [90m 796 |[39m
    [31m[1m>[22m[39m[90m 797 |[39m       
expect(response[33m.[39mheaders[[32m'x-ratelimit-reset'[39m])[33m.[39mtoBeDefined()[33m;[39m
     [90m     |[39m                                                     [31m[1m^[22m[39m
     [90m 798 |[39m       
     [90m 799 |[39m       [90m// Verify it's a valid timestamp[39m
     [90m 800 |[39m       [36mconst[39m resetTime [33m=[39m 
parseInt(response[33m.[39mheaders[[32m'x-ratelimit-reset'[39m])[33m;[39m[0m

      at Object.toBeDefined (tests/routes/auth.test.js:797:53)

  ΓùÅ Auth Routes ΓÇ║ Rate Limiting ΓÇ║ should return RATE_LIMIT_EXCEEDED error code when limit exceeded

    expected 429 "Too Many Requests", got 201 "Created"

    [0m [90m 822 |[39m         [33m.[39mpost([32m'/api/auth/register'[39m)
     [90m 823 |[39m         [33m.[39msend({ [33m...[39mregisterData[33m,[39m email[33m:[39m 
[32m'ratelimit6@example.com'[39m[33m,[39m phone[33m:[39m [32m'+1234567896'[39m })
    [31m[1m>[22m[39m[90m 824 |[39m         [33m.[39mexpect([35m429[39m)[33m;[39m
     [90m     |[39m          [31m[1m^[22m[39m
     [90m 825 |[39m
     [90m 826 |[39m       
expect(response[33m.[39mbody[33m.[39mcode)[33m.[39mtoBe([32m'RATE_LIMIT_EXCEEDED'[39m)[33m;[39m
     [90m 827 |[39m     })[33m;[39m[0m

      at Object.expect (tests/routes/auth.test.js:824:10)
      ----
      at Test._assertStatus (node_modules/supertest/lib/test.js:252:14)
      at node_modules/supertest/lib/test.js:308:13
      at Test._assertFunction (node_modules/supertest/lib/test.js:285:13)
      at Test.assert (node_modules/supertest/lib/test.js:164:23)
      at Server.localAssert (node_modules/supertest/lib/test.js:120:14)

  ΓùÅ Auth Routes ΓÇ║ Rate Limiting ΓÇ║ should apply rate limiting to forgot-password endpoint

    expected 429 "Too Many Requests", got 400 "Bad Request"

    [0m [90m 839 |[39m         [33m.[39mpost([32m'/api/auth/forgot-password'[39m)
     [90m 840 |[39m         [33m.[39msend({ email[33m:[39m [32m'test@example.com'[39m })
    [31m[1m>[22m[39m[90m 841 |[39m         [33m.[39mexpect([35m429[39m)[33m;[39m
     [90m     |[39m          [31m[1m^[22m[39m
     [90m 842 |[39m
     [90m 843 |[39m       
expect(response[33m.[39mbody[33m.[39mcode)[33m.[39mtoBe([32m'RATE_LIMIT_EXCEEDED'[39m)[33m;[39m
     [90m 844 |[39m     })[33m;[39m[0m

      at Object.expect (tests/routes/auth.test.js:841:10)
      ----
      at Test._assertStatus (node_modules/supertest/lib/test.js:252:14)
      at node_modules/supertest/lib/test.js:308:13
      at Test._assertFunction (node_modules/supertest/lib/test.js:285:13)
      at Test.assert (node_modules/supertest/lib/test.js:164:23)
      at Server.localAssert (node_modules/supertest/lib/test.js:120:14)

  console.log
    Γ£à Test database connected

      at log (tests/test-helper.js:34:15)

  console.warn
    ΓÜá∩╕Å  Warning during test environment cleanup: kill EPERM

    [0m [90m 81 |[39m   } [36mcatch[39m (error) {
     [90m 82 |[39m     [90m// Log warning but don't throw - cleanup errors shouldn't fail tests[39m
    [31m[1m>[22m[39m[90m 83 |[39m     console[33m.[39mwarn([32m'ΓÜá∩╕Å  Warning during test environment cleanup:'[39m[33m,[39m error[33m.[39mmessage)[33m;[39m
     [90m    |[39m             [31m[1m^[22m[39m
     [90m 84 |[39m   }
     [90m 85 |[39m }
     [90m 86 |[39m[0m

      at warn (tests/test-helper.js:83:13)
      at Object.<anonymous> (tests/setup.js:26:3)

PASS tests/unit/services/fareCalculator.test.js (8.924 s)
  ΓêÜ Test environment is set up correctly (11 ms)
  FareCalculator Service
    calculateFare
      ΓêÜ should calculate fare correctly (7 ms)
      ΓêÜ should calculate base fare correctly (5 ms)
      ΓêÜ should calculate distance fare correctly (6 ms)
      ΓêÜ should calculate time fare correctly (6 ms)
      ΓêÜ should apply surge multiplier correctly (6 ms)
      ΓêÜ should calculate total fare correctly (6 ms)
      ΓêÜ should handle zero distance (6 ms)
      ΓêÜ should handle zero duration (6 ms)
      ΓêÜ should cap surge multiplier at 5.0 (6 ms)
      ΓêÜ should enforce minimum fare (4 ms)
      ΓêÜ should return all required fare fields (9 ms)
    calculateSurgeMultiplier
      ΓêÜ should return 1.0 for normal demand (7 ms)
      ΓêÜ should increase multiplier for high demand (5 ms)
      ΓêÜ should consider time of day (4 ms)
      ΓêÜ should cap multiplier at 5.0 (5 ms)
    estimateFare
      ΓêÜ should estimate fare for given distance and duration (5 ms)
      ΓêÜ should return estimate without surge by default (5 ms)

  console.warn
    ΓÜá∩╕Å  Warning during test environment cleanup: kill EPERM

    [0m [90m 81 |[39m   } [36mcatch[39m (error) {
     [90m 82 |[39m     [90m// Log warning but don't throw - cleanup errors shouldn't fail tests[39m
    [31m[1m>[22m[39m[90m 83 |[39m     console[33m.[39mwarn([32m'ΓÜá∩╕Å  Warning during test environment cleanup:'[39m[33m,[39m error[33m.[39mmessage)[33m;[39m
     [90m    |[39m             [31m[1m^[22m[39m
     [90m 84 |[39m   }
     [90m 85 |[39m }
     [90m 86 |[39m[0m

      at warn (tests/test-helper.js:83:13)
      at Object.<anonymous> (tests/setup.js:26:3)

PASS tests/integration/auth-e2e.test.js (14.722 s)
  ΓêÜ Test environment is set up correctly (11 ms)
  Authentication End-to-End Integration Tests
    Complete Authentication Flow
      ΓêÜ should register, login, and access protected routes as passenger (685 ms)
      ΓêÜ should register, login, and access protected routes as driver (718 ms)
      ΓêÜ should enforce role-based access control (540 ms)
      ΓêÜ should reject requests without authentication token (37 ms)
      ΓêÜ should reject requests with invalid token (31 ms)
      ΓêÜ should handle complete ride flow with authentication (1042 ms)
      ΓêÜ should maintain JWT token consistency across all endpoints (948 ms)

  console.log
    Γ£à Test database connected

      at log (tests/test-helper.js:34:15)

  console.warn
    ΓÜá∩╕Å  Warning during test environment cleanup: kill EPERM

    [0m [90m 81 |[39m   } [36mcatch[39m (error) {
     [90m 82 |[39m     [90m// Log warning but don't throw - cleanup errors shouldn't fail tests[39m
    [31m[1m>[22m[39m[90m 83 |[39m     console[33m.[39mwarn([32m'ΓÜá∩╕Å  Warning during test environment cleanup:'[39m[33m,[39m error[33m.[39mmessage)[33m;[39m
     [90m    |[39m             [31m[1m^[22m[39m
     [90m 84 |[39m   }
     [90m 85 |[39m }
     [90m 86 |[39m[0m

      at warn (tests/test-helper.js:83:13)
      at Object.<anonymous> (tests/setup.js:26:3)

PASS tests/integration/authIntegration.test.js (5.528 s)
  ΓêÜ Test environment is set up correctly (10 ms)

  console.log
    Γ£à Test database connected

      at log (tests/test-helper.js:34:15)

  console.warn
    ΓÜá∩╕Å  Warning during test environment cleanup: kill EPERM

    [0m [90m 81 |[39m   } [36mcatch[39m (error) {
     [90m 82 |[39m     [90m// Log warning but don't throw - cleanup errors shouldn't fail tests[39m
    [31m[1m>[22m[39m[90m 83 |[39m     console[33m.[39mwarn([32m'ΓÜá∩╕Å  Warning during test environment cleanup:'[39m[33m,[39m error[33m.[39mmessage)[33m;[39m
     [90m    |[39m             [31m[1m^[22m[39m
     [90m 84 |[39m   }
     [90m 85 |[39m }
     [90m 86 |[39m[0m

      at warn (tests/test-helper.js:83:13)
      at Object.<anonymous> (tests/setup.js:26:3)

PASS tests/routes/users.test.js (27.682 s)
  ΓêÜ Test environment is set up correctly (8 ms)
  User Routes
    PUT /api/users/profile
      ΓêÜ should update user profile successfully (630 ms)
      ΓêÜ should update only first name (418 ms)
      ΓêÜ should update phone number (608 ms)
      ΓêÜ should reject duplicate phone number (1355 ms)
      ΓêÜ should reject invalid first name (866 ms)
      ΓêÜ should reject invalid phone format (416 ms)
      ΓêÜ should reject request without auth token (368 ms)
      ΓêÜ should not return password in response (444 ms)
      ΓêÜ should update email successfully (935 ms)
      ΓêÜ should reject invalid email format (508 ms)
      ΓêÜ should reject duplicate email (1172 ms)
      ΓêÜ should update multiple fields at once (508 ms)
    PUT /api/users/location
      ΓêÜ should update user location successfully (412 ms)
      ΓêÜ should reject invalid latitude (539 ms)
      ΓêÜ should reject invalid longitude (416 ms)
      ΓêÜ should reject non-number latitude (442 ms)
      ΓêÜ should reject missing coordinates (594 ms)
      ΓêÜ should reject request without auth token (532 ms)
    PUT /api/users/preferences
      ΓêÜ should update user preferences successfully (599 ms)
      ΓêÜ should update only specified preferences (494 ms)
      ΓêÜ should reject invalid preferences format (350 ms)
      ΓêÜ should reject missing preferences (437 ms)
      ΓêÜ should reject request without auth token (424 ms)
    PUT /api/users/device-token
      ΓêÜ should add device token successfully (415 ms)
      ΓêÜ should not add duplicate token (409 ms)
      ΓêÜ should reject missing token (355 ms)
      ΓêÜ should reject request without auth token (320 ms)
    DELETE /api/users/device-token
      ΓêÜ should remove device token successfully (387 ms)
      ΓêÜ should handle removing non-existent token gracefully (463 ms)
      ΓêÜ should reject missing token (418 ms)
      ΓêÜ should reject request without auth token (283 ms)

  console.warn
    ΓÜá∩╕Å  Warning during test environment cleanup: kill EPERM

    [0m [90m 81 |[39m   } [36mcatch[39m (error) {
     [90m 82 |[39m     [90m// Log warning but don't throw - cleanup errors shouldn't fail tests[39m
    [31m[1m>[22m[39m[90m 83 |[39m     console[33m.[39mwarn([32m'ΓÜá∩╕Å  Warning during test environment cleanup:'[39m[33m,[39m error[33m.[39mmessage)[33m;[39m
     [90m    |[39m             [31m[1m^[22m[39m
     [90m 84 |[39m   }
     [90m 85 |[39m }
     [90m 86 |[39m[0m

      at warn (tests/test-helper.js:83:13)
      at Object.<anonymous> (tests/routes/rides.test.js:72:7)

  console.warn
    ΓÜá∩╕Å  Warning during test environment cleanup: kill EPERM

    [0m [90m 81 |[39m   } [36mcatch[39m (error) {
     [90m 82 |[39m     [90m// Log warning but don't throw - cleanup errors shouldn't fail tests[39m
    [31m[1m>[22m[39m[90m 83 |[39m     console[33m.[39mwarn([32m'ΓÜá∩╕Å  Warning during test environment cleanup:'[39m[33m,[39m error[33m.[39mmessage)[33m;[39m
     [90m    |[39m             [31m[1m^[22m[39m
     [90m 84 |[39m   }
     [90m 85 |[39m }
     [90m 86 |[39m[0m

      at warn (tests/test-helper.js:83:13)
      at Object.<anonymous> (tests/setup.js:26:3)

PASS tests/routes/rides.test.js (31.515 s)
  ΓêÜ Test environment is set up correctly (235 ms)
  Ride Routes
    POST /api/rides/request
      ΓêÜ should create a new ride request (1879 ms)
      ΓêÜ should reject ride request from driver (1252 ms)
      ΓêÜ should reject ride request without authentication (938 ms)
      ΓêÜ should reject ride request with invalid data (997 ms)
    POST /api/rides/:id/accept
      ΓêÜ should accept ride request (1203 ms)
      ΓêÜ should reject acceptance from passenger (783 ms)
      ΓêÜ should reject acceptance when driver is not available (794 ms)
      ΓêÜ should reject acceptance of non-existent ride (798 ms)
      ΓêÜ should reject acceptance of already accepted ride (831 ms)
    POST /api/rides/:id/arrive
      ΓêÜ should mark driver as arrived (901 ms)
      ΓêÜ should reject arrival from passenger (683 ms)
      ΓêÜ should reject arrival for wrong driver (1366 ms)
    GET /api/rides/active
      ΓêÜ should return active rides for passenger (681 ms)
      ΓêÜ should return active rides for driver (627 ms)
      ΓêÜ should return empty array when no active rides (643 ms)
    GET /api/rides/history
      ΓêÜ should return ride history for passenger (615 ms)
      ΓêÜ should return ride history for driver (543 ms)
      ΓêÜ should support pagination (475 ms)

  console.warn
    ΓÜá∩╕Å  Warning during test environment cleanup: kill EPERM

    [0m [90m 81 |[39m   } [36mcatch[39m (error) {
     [90m 82 |[39m     [90m// Log warning but don't throw - cleanup errors shouldn't fail tests[39m
    [31m[1m>[22m[39m[90m 83 |[39m     console[33m.[39mwarn([32m'ΓÜá∩╕Å  Warning during test environment cleanup:'[39m[33m,[39m error[33m.[39mmessage)[33m;[39m
     [90m    |[39m             [31m[1m^[22m[39m
     [90m 84 |[39m   }
     [90m 85 |[39m }
     [90m 86 |[39m[0m

      at warn (tests/test-helper.js:83:13)
      at Object.<anonymous> (tests/setup.js:26:3)

PASS tests/middleware/auth.test.js (8.304 s)
  ΓêÜ Test environment is set up correctly (10 ms)
  Auth Middleware
    auth middleware
      ΓêÜ should authenticate user with valid token (394 ms)
      ΓêÜ should reject request without token (268 ms)
      ΓêÜ should reject request with invalid token (255 ms)
      ΓêÜ should reject request with expired token (216 ms)
      ΓêÜ should reject request for non-existent user (224 ms)
      ΓêÜ should reject request for deactivated user (218 ms)
    requireRole middleware
      ΓêÜ should allow access for authorized role (233 ms)
      ΓêÜ should allow access for multiple authorized roles (183 ms)
      ΓêÜ should deny access for unauthorized role (198 ms)
      ΓêÜ should deny access when no user is authenticated (192 ms)

  console.warn
    ΓÜá∩╕Å  Warning during test environment cleanup: kill EPERM

    [0m [90m 81 |[39m   } [36mcatch[39m (error) {
     [90m 82 |[39m     [90m// Log warning but don't throw - cleanup errors shouldn't fail tests[39m
    [31m[1m>[22m[39m[90m 83 |[39m     console[33m.[39mwarn([32m'ΓÜá∩╕Å  Warning during test environment cleanup:'[39m[33m,[39m error[33m.[39mmessage)[33m;[39m
     [90m    |[39m             [31m[1m^[22m[39m
     [90m 84 |[39m   }
     [90m 85 |[39m }
     [90m 86 |[39m[0m

      at warn (tests/test-helper.js:83:13)
      at Object.<anonymous> (tests/setup.js:26:3)

PASS tests/models/Ride.test.js (20.256 s)
  ΓêÜ Test environment is set up correctly (11 ms)
  Ride Model
    Ride Creation
      ΓêÜ should create a new ride with valid data (980 ms)
      ΓêÜ should require mandatory fields (1304 ms)
      ΓêÜ should validate pickup location coordinates (606 ms)
    Fare Calculation
      ΓêÜ should calculate total fare correctly (901 ms)
    Status Updates
      ΓêÜ should update status to accepted (725 ms)
      ΓêÜ should update status to arrived (651 ms)
      ΓêÜ should update status to started (562 ms)
      ΓêÜ should update status to completed (676 ms)
      ΓêÜ should update status to cancelled with reason (471 ms)
    Duration Calculation
      ΓêÜ should calculate ride duration correctly (508 ms)
      ΓêÜ should return null for duration if ride not completed (407 ms)
    Rating System
      ΓêÜ should store passenger rating (441 ms)
      ΓêÜ should store driver rating (405 ms)

Test Suites: 3 failed, 11 passed, 14 total
Tests:       12 failed, 239 passed, 251 total
Snapshots:   0 total
Time:        53.311 s, estimated 63 s
Ran all test suites.
